Loading raw ESM embeddings...
  ESM-6: (167, 7, 320), ESM-12: (167, 13, 480)
Using 12 worker processes

>>> Seed 42 -> esmLosses1.csv
  4000 tasks queued
  200/4000 tasks done (3.7 min elapsed, ETA 70.5 min)
  400/4000 tasks done (7.1 min elapsed, ETA 63.5 min)
  600/4000 tasks done (10.5 min elapsed, ETA 59.4 min)
  800/4000 tasks done (13.8 min elapsed, ETA 55.2 min)
  1000/4000 tasks done (17.2 min elapsed, ETA 51.6 min)
  1200/4000 tasks done (20.5 min elapsed, ETA 47.7 min)
  1400/4000 tasks done (24.0 min elapsed, ETA 44.5 min)
  1600/4000 tasks done (27.3 min elapsed, ETA 40.9 min)
  1800/4000 tasks done (30.8 min elapsed, ETA 37.7 min)
  2000/4000 tasks done (34.5 min elapsed, ETA 34.5 min)
  2200/4000 tasks done (38.1 min elapsed, ETA 31.2 min)
  2400/4000 tasks done (41.8 min elapsed, ETA 27.8 min)
  2600/4000 tasks done (45.4 min elapsed, ETA 24.4 min)
  2800/4000 tasks done (48.7 min elapsed, ETA 20.9 min)
  3000/4000 tasks done (52.2 min elapsed, ETA 17.4 min)
  3200/4000 tasks done (55.7 min elapsed, ETA 13.9 min)
  3400/4000 tasks done (59.0 min elapsed, ETA 10.4 min)
  3600/4000 tasks done (62.6 min elapsed, ETA 7.0 min)
  3800/4000 tasks done (66.1 min elapsed, ETA 3.5 min)
  4000/4000 tasks done (69.3 min elapsed, ETA 0.0 min)
<<< Seed 42 done in 69.4 min

>>> Seed 43 -> esmLosses2.csv
  4000 tasks queued
  200/4000 tasks done (3.7 min elapsed, ETA 70.1 min)
  400/4000 tasks done (7.3 min elapsed, ETA 65.7 min)
  600/4000 tasks done (10.7 min elapsed, ETA 60.5 min)
  800/4000 tasks done (14.0 min elapsed, ETA 55.8 min)
  1000/4000 tasks done (17.2 min elapsed, ETA 51.6 min)
  1200/4000 tasks done (20.4 min elapsed, ETA 47.6 min)
  1400/4000 tasks done (23.7 min elapsed, ETA 43.9 min)
  1600/4000 tasks done (26.9 min elapsed, ETA 40.3 min)
  1800/4000 tasks done (30.1 min elapsed, ETA 36.8 min)
  2000/4000 tasks done (33.3 min elapsed, ETA 33.3 min)
  2200/4000 tasks done (36.6 min elapsed, ETA 29.9 min)
  2400/4000 tasks done (39.8 min elapsed, ETA 26.5 min)
  2600/4000 tasks done (43.0 min elapsed, ETA 23.2 min)
  2800/4000 tasks done (46.3 min elapsed, ETA 19.8 min)
  3000/4000 tasks done (49.5 min elapsed, ETA 16.5 min)
  3200/4000 tasks done (52.7 min elapsed, ETA 13.2 min)
  3400/4000 tasks done (56.0 min elapsed, ETA 9.9 min)
  3600/4000 tasks done (59.2 min elapsed, ETA 6.6 min)
  3800/4000 tasks done (62.5 min elapsed, ETA 3.3 min)
  4000/4000 tasks done (65.9 min elapsed, ETA 0.0 min)
<<< Seed 43 done in 65.9 min

>>> Seed 44 -> esmLosses3.csv
  4000 tasks queued
  200/4000 tasks done (3.7 min elapsed, ETA 70.3 min)
  400/4000 tasks done (7.1 min elapsed, ETA 63.6 min)
  600/4000 tasks done (10.3 min elapsed, ETA 58.6 min)
  800/4000 tasks done (13.7 min elapsed, ETA 54.9 min)
  1000/4000 tasks done (17.1 min elapsed, ETA 51.2 min)
  1200/4000 tasks done (20.4 min elapsed, ETA 47.6 min)
  1400/4000 tasks done (23.7 min elapsed, ETA 44.1 min)
  1600/4000 tasks done (27.1 min elapsed, ETA 40.7 min)
  1800/4000 tasks done (30.4 min elapsed, ETA 37.2 min)
  2000/4000 tasks done (33.8 min elapsed, ETA 33.8 min)
  2200/4000 tasks done (37.2 min elapsed, ETA 30.4 min)
  2400/4000 tasks done (40.5 min elapsed, ETA 27.0 min)
  2600/4000 tasks done (43.8 min elapsed, ETA 23.6 min)
  2800/4000 tasks done (47.2 min elapsed, ETA 20.2 min)
  3000/4000 tasks done (50.6 min elapsed, ETA 16.9 min)
  3200/4000 tasks done (54.2 min elapsed, ETA 13.5 min)
  3400/4000 tasks done (57.5 min elapsed, ETA 10.2 min)
  3600/4000 tasks done (61.1 min elapsed, ETA 6.8 min)
  3800/4000 tasks done (64.6 min elapsed, ETA 3.4 min)
  4000/4000 tasks done (67.9 min elapsed, ETA 0.0 min)
<<< Seed 44 done in 67.9 min

>>> Seed 45 -> esmLosses4.csv
  4000 tasks queued
  200/4000 tasks done (3.6 min elapsed, ETA 68.9 min)
  400/4000 tasks done (6.9 min elapsed, ETA 62.2 min)
  600/4000 tasks done (10.1 min elapsed, ETA 57.4 min)
  800/4000 tasks done (13.4 min elapsed, ETA 53.5 min)
  1000/4000 tasks done (16.6 min elapsed, ETA 49.8 min)
  1200/4000 tasks done (19.9 min elapsed, ETA 46.4 min)
  1400/4000 tasks done (23.1 min elapsed, ETA 42.9 min)
  1600/4000 tasks done (26.4 min elapsed, ETA 39.6 min)
  1800/4000 tasks done (29.6 min elapsed, ETA 36.2 min)
  2000/4000 tasks done (32.9 min elapsed, ETA 32.9 min)
  2200/4000 tasks done (36.2 min elapsed, ETA 29.6 min)
  2400/4000 tasks done (39.4 min elapsed, ETA 26.3 min)
  2600/4000 tasks done (42.7 min elapsed, ETA 23.0 min)
  2800/4000 tasks done (45.9 min elapsed, ETA 19.7 min)
  3000/4000 tasks done (49.2 min elapsed, ETA 16.4 min)
  3200/4000 tasks done (52.4 min elapsed, ETA 13.1 min)
  3400/4000 tasks done (55.8 min elapsed, ETA 9.8 min)
  3600/4000 tasks done (59.1 min elapsed, ETA 6.6 min)
  3800/4000 tasks done (62.5 min elapsed, ETA 3.3 min)
  4000/4000 tasks done (65.8 min elapsed, ETA 0.0 min)
<<< Seed 45 done in 65.8 min

>>> Seed 46 -> esmLosses5.csv
  4000 tasks queued
  200/4000 tasks done (3.7 min elapsed, ETA 71.1 min)
  400/4000 tasks done (7.1 min elapsed, ETA 64.3 min)
  600/4000 tasks done (10.5 min elapsed, ETA 59.3 min)
  800/4000 tasks done (13.9 min elapsed, ETA 55.6 min)
  1000/4000 tasks done (17.3 min elapsed, ETA 51.8 min)
  1200/4000 tasks done (20.7 min elapsed, ETA 48.2 min)
  1400/4000 tasks done (24.0 min elapsed, ETA 44.5 min)
  1600/4000 tasks done (27.4 min elapsed, ETA 41.0 min)
  1800/4000 tasks done (30.7 min elapsed, ETA 37.6 min)
  2000/4000 tasks done (34.0 min elapsed, ETA 34.0 min)
  2200/4000 tasks done (37.4 min elapsed, ETA 30.6 min)
  2400/4000 tasks done (40.8 min elapsed, ETA 27.2 min)
  2600/4000 tasks done (44.1 min elapsed, ETA 23.7 min)
  2800/4000 tasks done (47.4 min elapsed, ETA 20.3 min)
  3000/4000 tasks done (50.7 min elapsed, ETA 16.9 min)
  3200/4000 tasks done (54.0 min elapsed, ETA 13.5 min)
  3400/4000 tasks done (57.5 min elapsed, ETA 10.1 min)
  3600/4000 tasks done (60.7 min elapsed, ETA 6.7 min)
  3800/4000 tasks done (64.0 min elapsed, ETA 3.4 min)
  4000/4000 tasks done (67.2 min elapsed, ETA 0.0 min)
<<< Seed 46 done in 67.3 min
